// Jest Snapshot v1, https://goo.gl/fbAQLP

exports[`prueba en AddCategory snapshot de AddCategory 1`] = `
<form
  onSubmit={[Function]}
>
  <p />
  <div>
    <input
      onChange={[Function]}
      type="text"
      value=""
    />
  </div>
</form>
`;
